------------------------------------------------------------
TimeQuest Timing Analyzer Summary
------------------------------------------------------------

Type  : Slow 1200mV 85C Model Setup 'clk'
Slack : -1.879
TNS   : -56.081

Type  : Slow 1200mV 85C Model Setup 'SineWaveGenerator:phase_2|divisor_de_clock:divisor_moduladora|o_clk'
Slack : -0.769
TNS   : -4.143

Type  : Slow 1200mV 85C Model Setup 'SineWaveGenerator:phase_3|divisor_de_clock:divisor_moduladora|o_clk'
Slack : -0.759
TNS   : -4.037

Type  : Slow 1200mV 85C Model Setup 'SineWaveGenerator:phase_3|divisor_de_clock:divisor_portadora|o_clk'
Slack : -0.701
TNS   : -3.362

Type  : Slow 1200mV 85C Model Setup 'SineWaveGenerator:phase_1|divisor_de_clock:divisor_portadora|o_clk'
Slack : -0.700
TNS   : -3.577

Type  : Slow 1200mV 85C Model Setup 'SineWaveGenerator:phase_2|divisor_de_clock:divisor_portadora|o_clk'
Slack : -0.700
TNS   : -3.359

Type  : Slow 1200mV 85C Model Setup 'SineWaveGenerator:phase_1|divisor_de_clock:divisor_moduladora|o_clk'
Slack : -0.699
TNS   : -3.373

Type  : Slow 1200mV 85C Model Hold 'SineWaveGenerator:phase_1|divisor_de_clock:divisor_portadora|o_clk'
Slack : 0.360
TNS   : 0.000

Type  : Slow 1200mV 85C Model Hold 'SineWaveGenerator:phase_3|divisor_de_clock:divisor_portadora|o_clk'
Slack : 0.360
TNS   : 0.000

Type  : Slow 1200mV 85C Model Hold 'SineWaveGenerator:phase_2|divisor_de_clock:divisor_moduladora|o_clk'
Slack : 0.361
TNS   : 0.000

Type  : Slow 1200mV 85C Model Hold 'SineWaveGenerator:phase_2|divisor_de_clock:divisor_portadora|o_clk'
Slack : 0.361
TNS   : 0.000

Type  : Slow 1200mV 85C Model Hold 'SineWaveGenerator:phase_3|divisor_de_clock:divisor_moduladora|o_clk'
Slack : 0.361
TNS   : 0.000

Type  : Slow 1200mV 85C Model Hold 'SineWaveGenerator:phase_1|divisor_de_clock:divisor_moduladora|o_clk'
Slack : 0.362
TNS   : 0.000

Type  : Slow 1200mV 85C Model Hold 'clk'
Slack : 0.376
TNS   : 0.000

Type  : Slow 1200mV 85C Model Minimum Pulse Width 'clk'
Slack : -3.000
TNS   : -38.000

Type  : Slow 1200mV 85C Model Minimum Pulse Width 'SineWaveGenerator:phase_1|divisor_de_clock:divisor_moduladora|o_clk'
Slack : -1.000
TNS   : -8.000

Type  : Slow 1200mV 85C Model Minimum Pulse Width 'SineWaveGenerator:phase_1|divisor_de_clock:divisor_portadora|o_clk'
Slack : -1.000
TNS   : -8.000

Type  : Slow 1200mV 85C Model Minimum Pulse Width 'SineWaveGenerator:phase_2|divisor_de_clock:divisor_moduladora|o_clk'
Slack : -1.000
TNS   : -8.000

Type  : Slow 1200mV 85C Model Minimum Pulse Width 'SineWaveGenerator:phase_2|divisor_de_clock:divisor_portadora|o_clk'
Slack : -1.000
TNS   : -8.000

Type  : Slow 1200mV 85C Model Minimum Pulse Width 'SineWaveGenerator:phase_3|divisor_de_clock:divisor_moduladora|o_clk'
Slack : -1.000
TNS   : -8.000

Type  : Slow 1200mV 85C Model Minimum Pulse Width 'SineWaveGenerator:phase_3|divisor_de_clock:divisor_portadora|o_clk'
Slack : -1.000
TNS   : -8.000

Type  : Slow 1200mV 0C Model Setup 'clk'
Slack : -1.588
TNS   : -47.136

Type  : Slow 1200mV 0C Model Setup 'SineWaveGenerator:phase_2|divisor_de_clock:divisor_moduladora|o_clk'
Slack : -0.570
TNS   : -2.902

Type  : Slow 1200mV 0C Model Setup 'SineWaveGenerator:phase_3|divisor_de_clock:divisor_moduladora|o_clk'
Slack : -0.564
TNS   : -2.850

Type  : Slow 1200mV 0C Model Setup 'SineWaveGenerator:phase_1|divisor_de_clock:divisor_portadora|o_clk'
Slack : -0.508
TNS   : -2.417

Type  : Slow 1200mV 0C Model Setup 'SineWaveGenerator:phase_1|divisor_de_clock:divisor_moduladora|o_clk'
Slack : -0.507
TNS   : -2.257

Type  : Slow 1200mV 0C Model Setup 'SineWaveGenerator:phase_3|divisor_de_clock:divisor_portadora|o_clk'
Slack : -0.507
TNS   : -2.237

Type  : Slow 1200mV 0C Model Setup 'SineWaveGenerator:phase_2|divisor_de_clock:divisor_portadora|o_clk'
Slack : -0.506
TNS   : -2.235

Type  : Slow 1200mV 0C Model Hold 'SineWaveGenerator:phase_1|divisor_de_clock:divisor_moduladora|o_clk'
Slack : 0.320
TNS   : 0.000

Type  : Slow 1200mV 0C Model Hold 'SineWaveGenerator:phase_1|divisor_de_clock:divisor_portadora|o_clk'
Slack : 0.320
TNS   : 0.000

Type  : Slow 1200mV 0C Model Hold 'SineWaveGenerator:phase_2|divisor_de_clock:divisor_moduladora|o_clk'
Slack : 0.320
TNS   : 0.000

Type  : Slow 1200mV 0C Model Hold 'SineWaveGenerator:phase_3|divisor_de_clock:divisor_moduladora|o_clk'
Slack : 0.320
TNS   : 0.000

Type  : Slow 1200mV 0C Model Hold 'SineWaveGenerator:phase_3|divisor_de_clock:divisor_portadora|o_clk'
Slack : 0.320
TNS   : 0.000

Type  : Slow 1200mV 0C Model Hold 'SineWaveGenerator:phase_2|divisor_de_clock:divisor_portadora|o_clk'
Slack : 0.321
TNS   : 0.000

Type  : Slow 1200mV 0C Model Hold 'clk'
Slack : 0.334
TNS   : 0.000

Type  : Slow 1200mV 0C Model Minimum Pulse Width 'clk'
Slack : -3.000
TNS   : -38.000

Type  : Slow 1200mV 0C Model Minimum Pulse Width 'SineWaveGenerator:phase_1|divisor_de_clock:divisor_moduladora|o_clk'
Slack : -1.000
TNS   : -8.000

Type  : Slow 1200mV 0C Model Minimum Pulse Width 'SineWaveGenerator:phase_1|divisor_de_clock:divisor_portadora|o_clk'
Slack : -1.000
TNS   : -8.000

Type  : Slow 1200mV 0C Model Minimum Pulse Width 'SineWaveGenerator:phase_2|divisor_de_clock:divisor_moduladora|o_clk'
Slack : -1.000
TNS   : -8.000

Type  : Slow 1200mV 0C Model Minimum Pulse Width 'SineWaveGenerator:phase_2|divisor_de_clock:divisor_portadora|o_clk'
Slack : -1.000
TNS   : -8.000

Type  : Slow 1200mV 0C Model Minimum Pulse Width 'SineWaveGenerator:phase_3|divisor_de_clock:divisor_moduladora|o_clk'
Slack : -1.000
TNS   : -8.000

Type  : Slow 1200mV 0C Model Minimum Pulse Width 'SineWaveGenerator:phase_3|divisor_de_clock:divisor_portadora|o_clk'
Slack : -1.000
TNS   : -8.000

Type  : Fast 1200mV 0C Model Setup 'clk'
Slack : -0.571
TNS   : -15.550

Type  : Fast 1200mV 0C Model Setup 'SineWaveGenerator:phase_2|divisor_de_clock:divisor_moduladora|o_clk'
Slack : 0.008
TNS   : 0.000

Type  : Fast 1200mV 0C Model Setup 'SineWaveGenerator:phase_3|divisor_de_clock:divisor_moduladora|o_clk'
Slack : 0.016
TNS   : 0.000

Type  : Fast 1200mV 0C Model Setup 'SineWaveGenerator:phase_1|divisor_de_clock:divisor_portadora|o_clk'
Slack : 0.046
TNS   : 0.000

Type  : Fast 1200mV 0C Model Setup 'SineWaveGenerator:phase_3|divisor_de_clock:divisor_portadora|o_clk'
Slack : 0.049
TNS   : 0.000

Type  : Fast 1200mV 0C Model Setup 'SineWaveGenerator:phase_1|divisor_de_clock:divisor_moduladora|o_clk'
Slack : 0.050
TNS   : 0.000

Type  : Fast 1200mV 0C Model Setup 'SineWaveGenerator:phase_2|divisor_de_clock:divisor_portadora|o_clk'
Slack : 0.050
TNS   : 0.000

Type  : Fast 1200mV 0C Model Hold 'SineWaveGenerator:phase_2|divisor_de_clock:divisor_moduladora|o_clk'
Slack : 0.189
TNS   : 0.000

Type  : Fast 1200mV 0C Model Hold 'SineWaveGenerator:phase_1|divisor_de_clock:divisor_portadora|o_clk'
Slack : 0.193
TNS   : 0.000

Type  : Fast 1200mV 0C Model Hold 'SineWaveGenerator:phase_3|divisor_de_clock:divisor_portadora|o_clk'
Slack : 0.193
TNS   : 0.000

Type  : Fast 1200mV 0C Model Hold 'SineWaveGenerator:phase_1|divisor_de_clock:divisor_moduladora|o_clk'
Slack : 0.194
TNS   : 0.000

Type  : Fast 1200mV 0C Model Hold 'SineWaveGenerator:phase_2|divisor_de_clock:divisor_portadora|o_clk'
Slack : 0.194
TNS   : 0.000

Type  : Fast 1200mV 0C Model Hold 'SineWaveGenerator:phase_3|divisor_de_clock:divisor_moduladora|o_clk'
Slack : 0.195
TNS   : 0.000

Type  : Fast 1200mV 0C Model Hold 'clk'
Slack : 0.197
TNS   : 0.000

Type  : Fast 1200mV 0C Model Minimum Pulse Width 'clk'
Slack : -3.000
TNS   : -40.221

Type  : Fast 1200mV 0C Model Minimum Pulse Width 'SineWaveGenerator:phase_1|divisor_de_clock:divisor_moduladora|o_clk'
Slack : -1.000
TNS   : -8.000

Type  : Fast 1200mV 0C Model Minimum Pulse Width 'SineWaveGenerator:phase_1|divisor_de_clock:divisor_portadora|o_clk'
Slack : -1.000
TNS   : -8.000

Type  : Fast 1200mV 0C Model Minimum Pulse Width 'SineWaveGenerator:phase_2|divisor_de_clock:divisor_moduladora|o_clk'
Slack : -1.000
TNS   : -8.000

Type  : Fast 1200mV 0C Model Minimum Pulse Width 'SineWaveGenerator:phase_2|divisor_de_clock:divisor_portadora|o_clk'
Slack : -1.000
TNS   : -8.000

Type  : Fast 1200mV 0C Model Minimum Pulse Width 'SineWaveGenerator:phase_3|divisor_de_clock:divisor_moduladora|o_clk'
Slack : -1.000
TNS   : -8.000

Type  : Fast 1200mV 0C Model Minimum Pulse Width 'SineWaveGenerator:phase_3|divisor_de_clock:divisor_portadora|o_clk'
Slack : -1.000
TNS   : -8.000

------------------------------------------------------------
